ERROR: ud_suffix does not start with _: 'a'bcd
ERROR: ud_suffix does not start with _: 'fsafsa'fagasg
